// Jest Snapshot v1, https://goo.gl/fbAQLP

exports[`AdvisoryDetail.js Should match the snapshots 1`] = `
<DocumentFragment>
  <section
    class="pf-v5-l-page-header pf-v5-c-page-header pf-v5-l-page__main-section pf-v5-c-page__main-section pf-m-light"
    data-ouia-component-id="OUIA-Generated-RHI/Header-true-1"
    data-ouia-component-type="advisory-details-page-header"
    data-ouia-safe="true"
    widget-type="InsightsPageHeader"
  >
    <nav
      aria-label="Breadcrumb"
      class="pf-v5-c-breadcrumb"
      data-ouia-component-id="OUIA-Generated-Breadcrumb-1"
      data-ouia-component-type="PF5/Breadcrumb"
      data-ouia-safe="true"
    >
      <ol
        class="pf-v5-c-breadcrumb__list"
        role="list"
      >
        <li
          class="pf-v5-c-breadcrumb__item"
        >
          <a
            data-ouia-component-id="breadcrumb-to-Advisories"
            data-ouia-component-type="advisory-details-breadcrumb"
            href="/insights/patch/advisories"
          >
            Advisories
          </a>
        </li>
        <li
          class="pf-v5-c-breadcrumb__item"
        >
          <span
            class="pf-v5-c-breadcrumb__item-divider"
          >
            <svg
              aria-hidden="true"
              class="pf-v5-svg"
              fill="currentColor"
              height="1em"
              role="img"
              viewBox="0 0 256 512"
              width="1em"
            >
              <path
                d="M224.3 273l-136 136c-9.4 9.4-24.6 9.4-33.9 0l-22.6-22.6c-9.4-9.4-9.4-24.6 0-33.9l96.4-96.4-96.4-96.4c-9.4-9.4-9.4-24.6 0-33.9L54.3 103c9.4-9.4 24.6-9.4 33.9 0l136 136c9.5 9.4 9.5 24.6.1 34z"
              />
            </svg>
          </span>
        </li>
      </ol>
    </nav>
    <div
      class="pf-v5-l-split pf-m-gutter"
    >
      <div
        class="pf-v5-l-split__item"
      >
        <div
          class="pf-v5-l-flex pf-m-justify-content-space-between"
        >
          <div
            class=""
          >
            <h1
              class="pf-v5-c-title pf-m-2xl"
              data-ouia-component-id="OUIA-Generated-RHI/Header-true-2"
              data-ouia-component-type="RHI/Header"
              data-ouia-safe="true"
              widget-type="InsightsPageHeaderTitle"
            />
          </div>
        </div>
      </div>
      <div
        class="pf-v5-l-split__item pf-m-fill"
      />
      <div
        class="pf-v5-l-split__item"
      />
    </div>
    <div>
       hello 
    </div>
  </section>
  <section
    class="pf-v5-l-page__main-section pf-v5-c-page__main-section"
  >
    <div
      class="pf-v5-l-stack pf-m-gutter"
    >
      <div
        class="pf-v5-l-stack__item"
      >
        <div
          class="pf-v5-c-content"
        >
          <h2
            class=""
            data-ouia-component-id="OUIA-Generated-Text-1"
            data-ouia-component-type="PF5/Text"
            data-ouia-safe="true"
            data-pf-content="true"
          >
            Systems
          </h2>
        </div>
      </div>
      <div
        class="pf-v5-l-stack__item"
      >
        <div>
           hello 
        </div>
      </div>
    </div>
  </section>
</DocumentFragment>
`;
