// Jest Snapshot v1, https://goo.gl/fbAQLP

exports[`AdvisoryDetail.js Should match the snapshots 1`] = `
<DocumentFragment>
  <section
    class="pf-v6-l-page-header pf-v6-c-page-header pf-v6-l-page__main-section pf-v6-c-page__main-section pf-m-light"
    data-ouia-component-id="OUIA-Generated-RHI/Header-true-:r0:"
    data-ouia-component-type="advisory-details-page-header"
    data-ouia-safe="true"
    widget-type="InsightsPageHeader"
  >
    <nav
      aria-label="Breadcrumb"
      class="pf-v6-c-breadcrumb"
      data-ouia-component-id="OUIA-Generated-Breadcrumb-:r1:"
      data-ouia-component-type="PF6/Breadcrumb"
      data-ouia-safe="true"
    >
      <ol
        class="pf-v6-c-breadcrumb__list"
        role="list"
      >
        <li
          class="pf-v6-c-breadcrumb__item"
        >
          <a
            data-ouia-component-id="breadcrumb-to-Advisories"
            data-ouia-component-type="advisory-details-breadcrumb"
            href="/insights/patch/advisories"
          >
            Advisories
          </a>
        </li>
        <li
          class="pf-v6-c-breadcrumb__item"
        >
          <span
            class="pf-v6-c-breadcrumb__item-divider"
          >
            <svg
              aria-hidden="true"
              class="pf-v6-svg"
              fill="currentColor"
              height="1em"
              role="img"
              viewBox="0 0 20 20"
              width="1em"
            >
              <path
                d="M14.35 8.94 6.71 1.29l-.02-.02c-.4-.38-1.03-.37-1.41.02-.38.4-.37 1.03.02 1.41l7.29 7.29-7.29 7.29a1.003 1.003 0 0 0 1.42 1.42l7.65-7.65c.59-.59.59-1.54 0-2.12Z"
              />
            </svg>
          </span>
        </li>
      </ol>
    </nav>
    <div
      class="pf-v6-l-split pf-m-gutter"
    >
      <div
        class="pf-v6-l-split__item"
      >
        <div
          class="pf-v6-l-flex pf-m-justify-content-space-between"
        >
          <div
            class="pf-v6-u-flex-grow-1"
          >
            <h1
              class="pf-v6-c-title pf-m-2xl"
              data-ouia-component-id="OUIA-Generated-RHI/Header-true-:r2:"
              data-ouia-component-type="RHI/Header"
              data-ouia-safe="true"
              widget-type="InsightsPageHeaderTitle"
            />
          </div>
        </div>
      </div>
      <div
        class="pf-v6-l-split__item pf-m-fill"
      />
      <div
        class="pf-v6-l-split__item"
      />
    </div>
    <div>
       hello 
    </div>
  </section>
  <section
    class="pf-v6-l-page__main-section pf-v6-c-page__main-section"
  >
    <div
      class="pf-v6-l-stack pf-m-gutter"
    >
      <div
        class="pf-v6-l-stack__item"
      >
        <div
          class="pf-v6-c-content"
          data-ouia-component-id="OUIA-Generated-Content-:r4:"
          data-ouia-component-type="PF6/Content"
          data-ouia-safe="true"
          data-pf-content="true"
        >
          <h2
            class="pf-v6-c-content--h2"
            data-ouia-component-id="OUIA-Generated-Content-:r5:"
            data-ouia-component-type="PF6/Content"
            data-ouia-safe="true"
            data-pf-content="true"
          >
            Systems
          </h2>
        </div>
      </div>
      <div
        class="pf-v6-l-stack__item"
      >
        <div>
           hello 
        </div>
      </div>
    </div>
  </section>
</DocumentFragment>
`;
