// Jest Snapshot v1, https://goo.gl/fbAQLP

exports[`AdvisorySystems.js Should match the snapshots and dispatch FETCH_AFFECTED_SYSTEMS only once 1`] = `
<Provider
  store={
    Object {
      "clearActions": [Function],
      "dispatch": [Function],
      "getActions": [Function],
      "getState": [Function],
      "replaceReducer": [Function],
      "subscribe": [Function],
    }
  }
>
  <BrowserRouter>
    <Router
      history={
        Object {
          "action": "POP",
          "block": [Function],
          "createHref": [Function],
          "go": [Function],
          "goBack": [Function],
          "goForward": [Function],
          "length": 1,
          "listen": [Function],
          "location": Object {
            "hash": "",
            "pathname": "/",
            "search": "",
            "state": undefined,
          },
          "push": [Function],
          "replace": [Function],
        }
      }
    >
       
      <AdvisorySystems
        advisoryName="RHSA-2020:2755"
      >
        <mockConstructor
          actions={
            Array [
              Object {
                "isDisabled": undefined,
                "onClick": [Function],
                "title": "Apply all applicable advisories",
              },
            ]
          }
          activeFiltersConfig={
            Object {
              "filters": Array [],
              "onDelete": [Function],
            }
          }
          autoRefresh={true}
          bulkSelect={
            Object {
              "checked": null,
              "isDisabled": false,
              "items": Array [
                Object {
                  "onClick": [Function],
                  "title": "Select none (0)",
                },
                Object {
                  "onClick": [Function],
                  "title": "Select page (2)",
                },
                Object {
                  "onClick": [Function],
                  "title": "Select all (2)",
                },
              ],
              "onSelect": [Function],
              "toggleProps": Object {
                "children": "     1 selected",
                "data-ouia-component-type": "bulk-select-toggle-button",
              },
            }
          }
          columns={[Function]}
          customFilters={
            Object {
              "patchParams": Object {
                "filter": undefined,
                "search": undefined,
                "selectedTags": undefined,
                "systemProfile": undefined,
              },
            }
          }
          dedicatedAction={
            <AsyncRemediationButton
              isDisabled={false}
              remediationProvider={[Function]}
            />
          }
          exportConfig={
            Object {
              "isDisabled": false,
              "onSelect": [Function],
            }
          }
          filterConfig={
            Object {
              "items": Array [
                Object {
                  "filterValues": Object {
                    "aria-label": "search-field",
                    "onChange": [Function],
                    "placeholder": "Filter by name",
                    "value": undefined,
                  },
                  "label": "System",
                  "type": "text",
                },
                Object {
                  "filterValues": Object {
                    "groups": Array [
                      Object {
                        "groupSelectable": true,
                        "items": Array [
                          Object {
                            "label": "RHEL 9.0",
                            "type": "checkbox",
                            "value": "9.0",
                          },
                        ],
                        "label": "RHEL 9",
                        "noFilter": true,
                        "value": "9.0",
                      },
                      Object {
                        "groupSelectable": true,
                        "items": Array [
                          Object {
                            "label": "RHEL 8.6",
                            "type": "checkbox",
                            "value": "8.6",
                          },
                          Object {
                            "label": "RHEL 8.5",
                            "type": "checkbox",
                            "value": "8.5",
                          },
                          Object {
                            "label": "RHEL 8.0",
                            "type": "checkbox",
                            "value": "8.0",
                          },
                        ],
                        "label": "RHEL 8",
                        "noFilter": true,
                        "value": "8.0",
                      },
                      Object {
                        "groupSelectable": true,
                        "items": Array [
                          Object {
                            "label": "RHEL 6.7",
                            "type": "checkbox",
                            "value": "6.7",
                          },
                        ],
                        "label": "RHEL 6",
                        "noFilter": true,
                        "value": "6.0",
                      },
                    ],
                    "selected": Object {},
                  },
                  "id": "rhel_version",
                  "label": "Operating System",
                  "placeholder": "Filter by operating system",
                  "type": "group",
                  "value": "os-filter",
                },
              ],
            }
          }
          getEntities={[Function]}
          hideFilters={
            Object {
              "all": true,
              "tags": false,
            }
          }
          ignoreRefresh={true}
          initialLoading={true}
          isFullView={true}
          onLoad={[Function]}
          paginationProps={
            Object {
              "isDisabled": false,
            }
          }
          showTags={true}
          tableProps={
            Object {
              "canSelectAll": false,
              "className": "patchCompactInventory",
              "isStickyHeader": true,
              "variant": "compact",
            }
          }
        >
          <div
            className="testInventroyComponentChild"
          >
            <div>
              This is child
            </div>
          </div>
        </mockConstructor>
      </AdvisorySystems>
    </Router>
  </BrowserRouter>
</Provider>
`;

exports[`AdvisorySystems.js Should open remediation modal 1`] = `
<AsyncRemediationButton
  isDisabled={false}
  remediationProvider={[Function]}
/>
`;
