// Jest Snapshot v1, https://goo.gl/fbAQLP

exports[`AdvisorySystems.js Should match the snapshots and dispatch FETCH_AFFECTED_SYSTEMS only once 1`] = `
<Context.Provider
  value={
    {
      "store": {
        "clearActions": [Function],
        "dispatch": [Function],
        "getActions": [Function],
        "getState": [Function],
        "replaceReducer": [Function],
        "subscribe": [Function],
      },
      "subscription": {
        "addNestedSub": [Function],
        "getListeners": [Function],
        "handleChangeWrapper": [Function],
        "isSubscribed": [Function],
        "notifyNestedSubs": [Function],
        "trySubscribe": [Function],
        "tryUnsubscribe": [Function],
      },
    }
  }
>
  <BrowserRouter>
     
    <AdvisorySystems
      advisoryName="RHSA-2020:2755"
    />
  </BrowserRouter>
</Context.Provider>
`;

exports[`AdvisorySystems.js Should open remediation modal 1`] = `
<AsyncRemediationButton
  isDisabled={false}
  remediationProvider={[Function]}
/>
`;
