// Jest Snapshot v1, https://goo.gl/fbAQLP

exports[`AffectedSystems.js Should match the snapshots and dispatch FETCH_AFFECTED_SYSTEMS only once 1`] = `
<Provider
  store={
    Object {
      "clearActions": [Function],
      "dispatch": [Function],
      "getActions": [Function],
      "getState": [Function],
      "replaceReducer": [Function],
      "subscribe": [Function],
    }
  }
>
  <AffectedSystems
    advisoryName="RHSA-2020:2755"
  />
</Provider>
`;
