// Jest Snapshot v1, https://goo.gl/fbAQLP

exports[`InventoryPage.js Should match the snapshots 1`] = `
<Provider
  store={
    Object {
      "clearActions": [Function],
      "dispatch": [Function],
      "getActions": [Function],
      "getState": [Function],
      "replaceReducer": [Function],
      "subscribe": [Function],
    }
  }
>
  <BrowserRouter>
    <Router
      history={
        Object {
          "action": "POP",
          "block": [Function],
          "createHref": [Function],
          "go": [Function],
          "goBack": [Function],
          "goForward": [Function],
          "length": 1,
          "listen": [Function],
          "location": Object {
            "hash": "",
            "pathname": "/",
            "search": "",
            "state": undefined,
          },
          "push": [Function],
          "replace": [Function],
        }
      }
    >
      <InventoryDetail
        match={
          Object {
            "params": Object {
              "inventoryId": "test",
            },
          }
        }
      >
        <ForwardRef
          fallback={
            <Bullseye
              className="pf-u-p-lg"
            >
              <Spinner
                size="xl"
              />
            </Bullseye>
          }
          onLoad={[Function]}
        >
          <BaseDetailWrapper
            fallback={
              <Bullseye
                className="pf-u-p-lg"
              >
                <Spinner
                  size="xl"
                />
              </Bullseye>
            }
            innerRef={null}
            onLoad={[Function]}
          >
            <Suspense
              fallback={
                <Bullseye
                  className="pf-u-p-lg"
                >
                  <Spinner
                    size="xl"
                  />
                </Bullseye>
              }
            >
              <ForwardRef
                ErrorComponent={
                  <UNDEFINED
                    component="DetailWrapper"
                    fallback={
                      <Bullseye
                        className="pf-u-p-lg"
                      >
                        <Spinner
                          size="xl"
                        />
                      </Bullseye>
                    }
                    innerRef={null}
                    onLoad={[Function]}
                  >
                    <Header
                      breadcrumbs={
                        Array [
                          Object {
                            "isActive": false,
                            "title": "Patch systems",
                            "to": "/systems/",
                          },
                          Object {
                            "isActive": true,
                            "title": undefined,
                          },
                        ]
                      }
                      headerOUIA="inventory-details"
                      title=""
                    >
                      <ForwardRef
                        fallback={
                          <Bullseye
                            className="pf-u-p-lg"
                          >
                            <Spinner
                              size="xl"
                            />
                          </Bullseye>
                        }
                        hideBack={true}
                      />
                    </Header>
                    <Memo(Connect(Main))>
                      <ForwardRef
                        fallback={
                          <Bullseye
                            className="pf-u-p-lg"
                          >
                            <Spinner
                              size="xl"
                            />
                          </Bullseye>
                        }
                      />
                    </Memo(Connect(Main))>
                  </UNDEFINED>
                }
                appName="chrome"
                fallback={
                  <Bullseye
                    className="pf-u-p-lg"
                  >
                    <Spinner
                      size="xl"
                    />
                  </Bullseye>
                }
                history={
                  Object {
                    "action": "POP",
                    "block": [Function],
                    "createHref": [Function],
                    "go": [Function],
                    "goBack": [Function],
                    "goForward": [Function],
                    "length": 1,
                    "listen": [Function],
                    "location": Object {
                      "hash": "",
                      "pathname": "/",
                      "search": "",
                      "state": undefined,
                    },
                    "push": [Function],
                    "replace": [Function],
                  }
                }
                innerRef={null}
                module="./DetailWrapper"
                onLoad={[Function]}
                scope="chrome"
                store={
                  Object {
                    "clearActions": [Function],
                    "dispatch": [Function],
                    "getActions": [Function],
                    "getState": [Function],
                    "replaceReducer": [Function],
                    "subscribe": [Function],
                  }
                }
              >
                <BaseScalprumComponent
                  ErrorComponent={
                    <UNDEFINED
                      component="DetailWrapper"
                      fallback={
                        <Bullseye
                          className="pf-u-p-lg"
                        >
                          <Spinner
                            size="xl"
                          />
                        </Bullseye>
                      }
                      innerRef={null}
                      onLoad={[Function]}
                    >
                      <Header
                        breadcrumbs={
                          Array [
                            Object {
                              "isActive": false,
                              "title": "Patch systems",
                              "to": "/systems/",
                            },
                            Object {
                              "isActive": true,
                              "title": undefined,
                            },
                          ]
                        }
                        headerOUIA="inventory-details"
                        title=""
                      >
                        <ForwardRef
                          fallback={
                            <Bullseye
                              className="pf-u-p-lg"
                            >
                              <Spinner
                                size="xl"
                              />
                            </Bullseye>
                          }
                          hideBack={true}
                        />
                      </Header>
                      <Memo(Connect(Main))>
                        <ForwardRef
                          fallback={
                            <Bullseye
                              className="pf-u-p-lg"
                            >
                              <Spinner
                                size="xl"
                              />
                            </Bullseye>
                          }
                        />
                      </Memo(Connect(Main))>
                    </UNDEFINED>
                  }
                  appName="chrome"
                  fallback={
                    <Bullseye
                      className="pf-u-p-lg"
                    >
                      <Spinner
                        size="xl"
                      />
                    </Bullseye>
                  }
                  history={
                    Object {
                      "action": "POP",
                      "block": [Function],
                      "createHref": [Function],
                      "go": [Function],
                      "goBack": [Function],
                      "goForward": [Function],
                      "length": 1,
                      "listen": [Function],
                      "location": Object {
                        "hash": "",
                        "pathname": "/",
                        "search": "",
                        "state": undefined,
                      },
                      "push": [Function],
                      "replace": [Function],
                    }
                  }
                  innerRef={null}
                  module="./DetailWrapper"
                  onLoad={[Function]}
                  scope="chrome"
                  store={
                    Object {
                      "clearActions": [Function],
                      "dispatch": [Function],
                      "getActions": [Function],
                      "getState": [Function],
                      "replaceReducer": [Function],
                      "subscribe": [Function],
                    }
                  }
                />
              </ForwardRef>
              <Bullseye
                className="pf-u-p-lg"
              >
                <div
                  className="pf-l-bullseye pf-u-p-lg"
                >
                  <Spinner
                    size="xl"
                  >
                    <span
                      aria-valuetext="Loading..."
                      className="pf-c-spinner pf-m-xl"
                      role="progressbar"
                    >
                      <span
                        className="pf-c-spinner__clipper"
                      />
                      <span
                        className="pf-c-spinner__lead-ball"
                      />
                      <span
                        className="pf-c-spinner__tail-ball"
                      />
                    </span>
                  </Spinner>
                </div>
              </Bullseye>
            </Suspense>
          </BaseDetailWrapper>
        </ForwardRef>
      </InventoryDetail>
    </Router>
  </BrowserRouter>
</Provider>
`;
