// Jest Snapshot v1, https://goo.gl/fbAQLP

exports[`InventoryPage.js Should match the snapshots 1`] = `
<Provider
  store={
    Object {
      "clearActions": [Function],
      "dispatch": [Function],
      "getActions": [Function],
      "getState": [Function],
      "replaceReducer": [Function],
      "subscribe": [Function],
    }
  }
>
  <BrowserRouter>
    <Router
      history={
        Object {
          "action": "POP",
          "block": [Function],
          "createHref": [Function],
          "go": [Function],
          "goBack": [Function],
          "goForward": [Function],
          "length": 1,
          "listen": [Function],
          "location": Object {
            "hash": "",
            "pathname": "/",
            "search": "",
            "state": undefined,
          },
          "push": [Function],
          "replace": [Function],
        }
      }
    >
      <InventoryDetail
        match={
          Object {
            "params": Object {
              "inventoryId": "test",
            },
          }
        }
      >
        <Header
          breadcrumbs={
            Array [
              Object {
                "isActive": false,
                "title": "Patch systems",
                "to": "/systems/",
              },
              Object {
                "isActive": true,
                "title": undefined,
              },
            ]
          }
          headerOUIA="inventory-details"
          title=""
        >
          <PageHeader
            data-ouia-component-type="inventory-details-page-header"
          >
            <section
              className="pf-l-page-header pf-c-page-header pf-l-page__main-section pf-c-page__main-section pf-m-light"
              data-ouia-component-type="inventory-details-page-header"
              widget-type="InsightsPageHeader"
            >
              <HeaderBreadcrumbs
                headerOUIA="inventory-details"
                items={
                  Array [
                    Object {
                      "isActive": false,
                      "title": "Patch systems",
                      "to": "/systems/",
                    },
                    Object {
                      "isActive": true,
                      "title": undefined,
                    },
                  ]
                }
              >
                <Breadcrumb>
                  <nav
                    aria-label="Breadcrumb"
                    className="pf-c-breadcrumb"
                    data-ouia-component-id="OUIA-Generated-Breadcrumb-1"
                    data-ouia-component-type="PF4/Breadcrumb"
                    data-ouia-safe={true}
                  >
                    <ol
                      className="pf-c-breadcrumb__list"
                    >
                      <BreadcrumbItem
                        isActive={false}
                        key=".$Patch systems"
                        showDivider={false}
                      >
                        <li
                          className="pf-c-breadcrumb__item"
                        >
                          <Link
                            data-ouia-component-id="breadcrumb-to-Patch systems"
                            data-ouia-component-type="inventory-details-breadcrumb"
                            to="/systems/"
                          >
                            <LinkAnchor
                              data-ouia-component-id="breadcrumb-to-Patch systems"
                              data-ouia-component-type="inventory-details-breadcrumb"
                              href="/systems/"
                              navigate={[Function]}
                            >
                              <a
                                data-ouia-component-id="breadcrumb-to-Patch systems"
                                data-ouia-component-type="inventory-details-breadcrumb"
                                href="/systems/"
                                onClick={[Function]}
                              >
                                Patch systems
                              </a>
                            </LinkAnchor>
                          </Link>
                        </li>
                      </BreadcrumbItem>
                      <BreadcrumbItem
                        isActive={true}
                        key=".1"
                        showDivider={true}
                      >
                        <li
                          className="pf-c-breadcrumb__item"
                        >
                          <span
                            className="pf-c-breadcrumb__item-divider"
                          >
                            <AngleRightIcon
                              color="currentColor"
                              noVerticalAlign={false}
                              size="sm"
                            >
                              <svg
                                aria-hidden={true}
                                aria-labelledby={null}
                                fill="currentColor"
                                height="1em"
                                role="img"
                                style={
                                  Object {
                                    "verticalAlign": "-0.125em",
                                  }
                                }
                                viewBox="0 0 256 512"
                                width="1em"
                              >
                                <path
                                  d="M224.3 273l-136 136c-9.4 9.4-24.6 9.4-33.9 0l-22.6-22.6c-9.4-9.4-9.4-24.6 0-33.9l96.4-96.4-96.4-96.4c-9.4-9.4-9.4-24.6 0-33.9L54.3 103c9.4-9.4 24.6-9.4 33.9 0l136 136c9.5 9.4 9.5 24.6.1 34z"
                                />
                              </svg>
                            </AngleRightIcon>
                          </span>
                        </li>
                      </BreadcrumbItem>
                    </ol>
                  </nav>
                </Breadcrumb>
              </HeaderBreadcrumbs>
              <PageHeaderTitle
                title=""
              >
                <Title
                  className=""
                  headingLevel="h1"
                  size="2xl"
                  widget-type="InsightsPageHeaderTitle"
                >
                  <h1
                    className="pf-c-title pf-m-2xl"
                    widget-type="InsightsPageHeaderTitle"
                  >
                     
                     
                  </h1>
                </Title>
              </PageHeaderTitle>
              <ForwardRef
                fallback={
                  <Bullseye>
                    <Spinner
                      size="xl"
                    />
                  </Bullseye>
                }
                hideBack={true}
                onLoad={[Function]}
              >
                <BaseInventoryDetailHead
                  fallback={
                    <Bullseye>
                      <Spinner
                        size="xl"
                      />
                    </Bullseye>
                  }
                  hideBack={true}
                  innerProps={null}
                  onLoad={[Function]}
                >
                  <Suspense
                    fallback={
                      <Bullseye>
                        <Spinner
                          size="xl"
                        />
                      </Bullseye>
                    }
                  >
                    <ForwardRef
                      ErrorComponent={
                        <UNDEFINED
                          component="InventoryDetailHead"
                          fallback={
                            <Bullseye>
                              <Spinner
                                size="xl"
                              />
                            </Bullseye>
                          }
                          hideBack={true}
                          innerProps={null}
                          onLoad={[Function]}
                        />
                      }
                      appName="chrome"
                      fallback={
                        <Bullseye>
                          <Spinner
                            size="xl"
                          />
                        </Bullseye>
                      }
                      hideBack={true}
                      history={
                        Object {
                          "action": "POP",
                          "block": [Function],
                          "createHref": [Function],
                          "go": [Function],
                          "goBack": [Function],
                          "goForward": [Function],
                          "length": 1,
                          "listen": [Function],
                          "location": Object {
                            "hash": "",
                            "pathname": "/",
                            "search": "",
                            "state": undefined,
                          },
                          "push": [Function],
                          "replace": [Function],
                        }
                      }
                      innerProps={null}
                      module="./InventoryDetailHead"
                      onLoad={[Function]}
                      scope="chrome"
                      store={
                        Object {
                          "clearActions": [Function],
                          "dispatch": [Function],
                          "getActions": [Function],
                          "getState": [Function],
                          "replaceReducer": [Function],
                          "subscribe": [Function],
                        }
                      }
                    >
                      <BaseScalprumComponent
                        ErrorComponent={
                          <UNDEFINED
                            component="InventoryDetailHead"
                            fallback={
                              <Bullseye>
                                <Spinner
                                  size="xl"
                                />
                              </Bullseye>
                            }
                            hideBack={true}
                            innerProps={null}
                            onLoad={[Function]}
                          />
                        }
                        appName="chrome"
                        fallback={
                          <Bullseye>
                            <Spinner
                              size="xl"
                            />
                          </Bullseye>
                        }
                        hideBack={true}
                        history={
                          Object {
                            "action": "POP",
                            "block": [Function],
                            "createHref": [Function],
                            "go": [Function],
                            "goBack": [Function],
                            "goForward": [Function],
                            "length": 1,
                            "listen": [Function],
                            "location": Object {
                              "hash": "",
                              "pathname": "/",
                              "search": "",
                              "state": undefined,
                            },
                            "push": [Function],
                            "replace": [Function],
                          }
                        }
                        innerProps={null}
                        innerRef={null}
                        module="./InventoryDetailHead"
                        onLoad={[Function]}
                        scope="chrome"
                        store={
                          Object {
                            "clearActions": [Function],
                            "dispatch": [Function],
                            "getActions": [Function],
                            "getState": [Function],
                            "replaceReducer": [Function],
                            "subscribe": [Function],
                          }
                        }
                      />
                    </ForwardRef>
                    <Bullseye>
                      <div
                        className="pf-l-bullseye"
                      >
                        <Spinner
                          size="xl"
                        >
                          <span
                            aria-valuetext="Loading..."
                            className="pf-c-spinner pf-m-xl"
                            role="progressbar"
                          >
                            <span
                              className="pf-c-spinner__clipper"
                            />
                            <span
                              className="pf-c-spinner__lead-ball"
                            />
                            <span
                              className="pf-c-spinner__tail-ball"
                            />
                          </span>
                        </Spinner>
                      </div>
                    </Bullseye>
                  </Suspense>
                </BaseInventoryDetailHead>
              </ForwardRef>
            </section>
          </PageHeader>
        </Header>
        <Connect(Main)>
          <Main>
            <section
              className="pf-l-page__main-section pf-c-page__main-section"
              page-type=""
            >
              <ForwardRef
                fallback={
                  <Bullseye>
                    <Spinner
                      size="xl"
                    />
                  </Bullseye>
                }
              >
                <BaseAppInfo
                  fallback={
                    <Bullseye>
                      <Spinner
                        size="xl"
                      />
                    </Bullseye>
                  }
                  innerRef={null}
                >
                  <Suspense
                    fallback={
                      <Bullseye>
                        <Spinner
                          size="xl"
                        />
                      </Bullseye>
                    }
                  >
                    <ForwardRef
                      ErrorComponent={
                        <UNDEFINED
                          component="AppInfo"
                          fallback={
                            <Bullseye>
                              <Spinner
                                size="xl"
                              />
                            </Bullseye>
                          }
                          innerRef={null}
                        />
                      }
                      appName="chrome"
                      fallback={
                        <Bullseye>
                          <Spinner
                            size="xl"
                          />
                        </Bullseye>
                      }
                      history={
                        Object {
                          "action": "POP",
                          "block": [Function],
                          "createHref": [Function],
                          "go": [Function],
                          "goBack": [Function],
                          "goForward": [Function],
                          "length": 1,
                          "listen": [Function],
                          "location": Object {
                            "hash": "",
                            "pathname": "/",
                            "search": "",
                            "state": undefined,
                          },
                          "push": [Function],
                          "replace": [Function],
                        }
                      }
                      innerRef={null}
                      module="./AppInfo"
                      scope="chrome"
                      store={
                        Object {
                          "clearActions": [Function],
                          "dispatch": [Function],
                          "getActions": [Function],
                          "getState": [Function],
                          "replaceReducer": [Function],
                          "subscribe": [Function],
                        }
                      }
                    >
                      <BaseScalprumComponent
                        ErrorComponent={
                          <UNDEFINED
                            component="AppInfo"
                            fallback={
                              <Bullseye>
                                <Spinner
                                  size="xl"
                                />
                              </Bullseye>
                            }
                            innerRef={null}
                          />
                        }
                        appName="chrome"
                        fallback={
                          <Bullseye>
                            <Spinner
                              size="xl"
                            />
                          </Bullseye>
                        }
                        history={
                          Object {
                            "action": "POP",
                            "block": [Function],
                            "createHref": [Function],
                            "go": [Function],
                            "goBack": [Function],
                            "goForward": [Function],
                            "length": 1,
                            "listen": [Function],
                            "location": Object {
                              "hash": "",
                              "pathname": "/",
                              "search": "",
                              "state": undefined,
                            },
                            "push": [Function],
                            "replace": [Function],
                          }
                        }
                        innerRef={null}
                        module="./AppInfo"
                        scope="chrome"
                        store={
                          Object {
                            "clearActions": [Function],
                            "dispatch": [Function],
                            "getActions": [Function],
                            "getState": [Function],
                            "replaceReducer": [Function],
                            "subscribe": [Function],
                          }
                        }
                      />
                    </ForwardRef>
                    <Bullseye>
                      <div
                        className="pf-l-bullseye"
                      >
                        <Spinner
                          size="xl"
                        >
                          <span
                            aria-valuetext="Loading..."
                            className="pf-c-spinner pf-m-xl"
                            role="progressbar"
                          >
                            <span
                              className="pf-c-spinner__clipper"
                            />
                            <span
                              className="pf-c-spinner__lead-ball"
                            />
                            <span
                              className="pf-c-spinner__tail-ball"
                            />
                          </span>
                        </Spinner>
                      </div>
                    </Bullseye>
                  </Suspense>
                </BaseAppInfo>
              </ForwardRef>
            </section>
          </Main>
        </Connect(Main)>
      </InventoryDetail>
    </Router>
  </BrowserRouter>
</Provider>
`;
