// Jest Snapshot v1, https://goo.gl/fbAQLP

exports[`InventoryPage.js Should match the snapshots 1`] = `
<Provider
  store={
    Object {
      "clearActions": [Function],
      "dispatch": [Function],
      "getActions": [Function],
      "getState": [Function],
      "replaceReducer": [Function],
      "subscribe": [Function],
    }
  }
>
  <BrowserRouter>
    <Router
      history={
        Object {
          "action": "POP",
          "block": [Function],
          "createHref": [Function],
          "go": [Function],
          "goBack": [Function],
          "goForward": [Function],
          "length": 1,
          "listen": [Function],
          "location": Object {
            "hash": "",
            "pathname": "/",
            "search": "",
            "state": undefined,
          },
          "push": [Function],
          "replace": [Function],
        }
      }
    >
      <InventoryDetail>
        <mockConstructor
          inventoryId="test-system-id"
          onLoad={[Function]}
        >
          <div
            className="testDetailWrapper"
          >
            <div>
              <PatchSetWrapper
                patchSetState={
                  Object {
                    "isPatchSetWizardOpen": false,
                    "isUnassignSystemsModalOpen": false,
                    "shouldRefresh": false,
                    "systemsIDs": Array [],
                  }
                }
                setPatchSetState={[Function]}
              />
              <Header
                breadcrumbs={
                  Array [
                    Object {
                      "isActive": false,
                      "title": "Systems",
                      "to": "/systems",
                    },
                    undefined,
                  ]
                }
                headerOUIA="inventory-details"
                title=""
              >
                <PageHeader
                  data-ouia-component-type="inventory-details-page-header"
                >
                  <section
                    className="pf-l-page-header pf-c-page-header pf-l-page__main-section pf-c-page__main-section pf-m-light"
                    data-ouia-component-type="inventory-details-page-header"
                    widget-type="InsightsPageHeader"
                  >
                    <HeaderBreadcrumbs
                      headerOUIA="inventory-details"
                      items={
                        Array [
                          Object {
                            "isActive": false,
                            "title": "Systems",
                            "to": "/systems",
                          },
                          undefined,
                        ]
                      }
                    >
                      <Breadcrumb>
                        <nav
                          aria-label="Breadcrumb"
                          className="pf-c-breadcrumb"
                          data-ouia-component-id="OUIA-Generated-Breadcrumb-1"
                          data-ouia-component-type="PF4/Breadcrumb"
                          data-ouia-safe={true}
                        >
                          <ol
                            className="pf-c-breadcrumb__list"
                          >
                            <BreadcrumbItem
                              isActive={false}
                              key=".$Systems"
                              showDivider={false}
                            >
                              <li
                                className="pf-c-breadcrumb__item"
                              >
                                <Link
                                  data-ouia-component-id="breadcrumb-to-Systems"
                                  data-ouia-component-type="inventory-details-breadcrumb"
                                  to="/systems"
                                >
                                  <LinkAnchor
                                    data-ouia-component-id="breadcrumb-to-Systems"
                                    data-ouia-component-type="inventory-details-breadcrumb"
                                    href="/systems"
                                    navigate={[Function]}
                                  >
                                    <a
                                      data-ouia-component-id="breadcrumb-to-Systems"
                                      data-ouia-component-type="inventory-details-breadcrumb"
                                      href="/systems"
                                      onClick={[Function]}
                                    >
                                      Systems
                                    </a>
                                  </LinkAnchor>
                                </Link>
                              </li>
                            </BreadcrumbItem>
                          </ol>
                        </nav>
                      </Breadcrumb>
                    </HeaderBreadcrumbs>
                    <Split>
                      <div
                        className="pf-l-split"
                      >
                        <SplitItem>
                          <div
                            className="pf-l-split__item"
                          >
                            <PageHeaderTitle
                              title=""
                            >
                              <Title
                                className=""
                                headingLevel="h1"
                                size="2xl"
                                widget-type="InsightsPageHeaderTitle"
                              >
                                <h1
                                  className="pf-c-title pf-m-2xl"
                                  data-ouia-component-id="OUIA-Generated-Title-1"
                                  data-ouia-component-type="PF4/Title"
                                  data-ouia-safe={true}
                                  widget-type="InsightsPageHeaderTitle"
                                />
                              </Title>
                            </PageHeaderTitle>
                          </div>
                        </SplitItem>
                        <SplitItem
                          isFilled={true}
                        >
                          <div
                            className="pf-l-split__item pf-m-fill"
                          />
                        </SplitItem>
                        <SplitItem>
                          <div
                            className="pf-l-split__item"
                          />
                        </SplitItem>
                      </div>
                    </Split>
                    <mockConstructor
                      actions={
                        Array [
                          Object {
                            "key": "assign-to-template",
                            "onClick": [Function],
                            "title": "Assign to a template",
                          },
                          Object {
                            "isDisabled": true,
                            "key": "remove-from-template",
                            "onClick": [Function],
                            "title": "Remove from a template",
                          },
                        ]
                      }
                      appList={Array []}
                      hideBack={true}
                      inventoryId="test-system-id"
                      showTags={true}
                    >
                      <div
                        className="testInventoryDetailHead"
                      >
                        <div>
                          This is child
                        </div>
                      </div>
                    </mockConstructor>
                  </section>
                </PageHeader>
              </Header>
              <Connect(InternalMain)>
                <InternalMain>
                  <section
                    className="pf-l-page__main-section pf-c-page__main-section"
                    page-type=""
                  >
                    <Component
                      inventoryId="test-system-id"
                    >
                      <div>
                        This is system detail
                      </div>
                    </Component>
                  </section>
                </InternalMain>
              </Connect(InternalMain)>
            </div>
          </div>
        </mockConstructor>
      </InventoryDetail>
    </Router>
  </BrowserRouter>
</Provider>
`;
