// Jest Snapshot v1, https://goo.gl/fbAQLP

exports[`AdvisorySeverityInfo Should match the snapshot 1`] = `
<Popover
  bodyContent={
    <TextContent>
      <Text
        component="p"
      >
        testText
      </Text>
    </TextContent>
  }
  enableFlip={true}
  footerContent={
    <a
      href="https://access.redhat.com/security/updates/classification/"
      rel="noopener noreferrer"
      target="_blank"
    >
      <span
        className="icon-with-label"
      >
        <ExternalLinkSquareAltIcon
          color="currentColor"
          noVerticalAlign={false}
          size="sm"
        />
        Learn more about security ratings
      </span>
    </a>
  }
  headerContent={
    <div>
      testLabel severity
    </div>
  }
  position="bottom"
>
  <a>
    Learn more
  </a>
</Popover>
`;
