// Jest Snapshot v1, https://goo.gl/fbAQLP

exports[`NoSystemData Should match the snapshot 1`] = `
<Bullseye>
  <EmptyState
    style={
      Object {
        "paddingTop": 40,
      }
    }
  >
    <EmptyStateIcon
      icon={[Function]}
    />
    <Title
      headingLevel="h5"
      size="lg"
    >
      Patch is not yet configured
    </Title>
    <EmptyStateBody>
      Activate the Insights client
    </EmptyStateBody>
    <Button
      component="a"
      href="http://access.redhat.com/products/cloud_management_services_for_rhel#getstarted"
      variant="primary"
    >
      Learn about the Insights client
    </Button>
  </EmptyState>
</Bullseye>
`;
