// Jest Snapshot v1, https://goo.gl/fbAQLP

exports[`PortalAdvisoryLink Should match the snapshot 1`] = `
<a
  href="https://access.redhat.com/errata/testAdvisory"
  target="__blank"
>
  <Flex
    flex={
      Object {
        "default": "inlineFlex",
      }
    }
  >
    <FlexItem
      spacer={
        Object {
          "default": "spacerSm",
        }
      }
    >
      <ExternalLinkSquareAltIcon
        color="currentColor"
        noVerticalAlign={false}
        size="sm"
      />
    </FlexItem>
    <FlexItem
      spacer={
        Object {
          "default": "spacerSm",
        }
      }
    >
      View packages and errata at access.redhat.com
    </FlexItem>
  </Flex>
</a>
`;
