// Jest Snapshot v1, https://goo.gl/fbAQLP

exports[`SystemUpToDate Should match the snapshot 1`] = `
<DocumentFragment>
  <div
    class="pf-v6-l-bullseye"
  >
    <div
      class="pf-v6-c-empty-state"
      style="padding-top: 40px;"
    >
      <div
        class="pf-v6-c-empty-state__content"
      >
        <div
          class="pf-v6-c-empty-state__header"
        >
          <div
            class="pf-v6-c-empty-state__icon"
          >
            <span
              class="pf-v6-c-icon pf-m-xl"
              style="margin-bottom: 15px;"
            >
              <span
                class="pf-v6-c-icon__content"
              >
                <svg
                  aria-hidden="true"
                  class="pf-v6-svg"
                  fill="currentColor"
                  height="1em"
                  role="img"
                  viewBox="0 0 512 512"
                  width="1em"
                >
                  <path
                    d="M504 256c0 136.967-111.033 248-248 248S8 392.967 8 256 119.033 8 256 8s248 111.033 248 248zM227.314 387.314l184-184c6.248-6.248 6.248-16.379 0-22.627l-22.627-22.627c-6.248-6.249-16.379-6.249-22.628 0L216 308.118l-70.059-70.059c-6.248-6.248-16.379-6.248-22.628 0l-22.627 22.627c-6.248 6.248-6.248 16.379 0 22.627l104 104c6.249 6.249 16.379 6.249 22.628.001z"
                  />
                </svg>
              </span>
            </span>
          </div>
          <div
            class="pf-v6-c-empty-state__title"
          >
            <h5
              class="pf-v6-c-empty-state__title-text"
            >
              No applicable advisories
            </h5>
          </div>
        </div>
        <div
          class="pf-v6-c-empty-state__body"
        >
          This system is up to date, based on package information submitted at the most recent system check-in
        </div>
      </div>
    </div>
  </div>
</DocumentFragment>
`;
